// Jest Snapshot v1, https://goo.gl/fbAQLP

exports[`home render test 1`] = `
<View>
  <Text>
    Home
  </Text>
  <Text>
    Home 476
  </Text>
</View>
`;
